// Jest Snapshot v1, https://goo.gl/fbAQLP

exports[`renders correctly 1`] = `
<header
  className="app-header"
>
  <h1>
    Articles
  </h1>
</header>
`;
